
> pomodorox@0.0.0 typecheck E:\Development\MyAwesomeApp\potodoroX
> vue-tsc --noEmit

src/components/TaskCalendarPanel.vue(287,60): error TS2345: Argument of type 'string | null' is not assignable to parameter of type 'string | undefined'.
  Type 'null' is not assignable to type 'string | undefined'.
鈥塃LIFECYCLE鈥?Command failed with exit code 2.
